14:16:53 **** Incremental Build of configuration Debug for project 4_Blink_LD5 ****
make -j12 all 
arm-none-eabi-gcc "../Src/main.c" -mcpu=cortex-m0 -std=gnu11 -g3 -DDEBUG -DSTM32 -DSTM32F0 -DSTM32F072RBTx -DSTM32F072B_DISCO -DSTM32F072xB -c -I../Inc -I..//chip_headers/CMSIS/Include -I..//chip_headers/CMSIS/Device/ST/STM32F0xx/Include -O0 -ffunction-sections -fdata-sections -Wall -fstack-usage -fcyclomatic-complexity -MMD -MP -MF"Src/main.d" -MT"Src/main.o" --specs=nano.specs -mfloat-abi=soft -mthumb -o "Src/main.o"
arm-none-eabi-gcc -o "4_Blink_LD5.elf" @"objects.list"   -mcpu=cortex-m0 -T"/home/tabrez/Document/STM32CubeIDE/Bootloader_Blink_LED/4_Blink_LD5/STM32F072RBTX_FLASH.ld" --specs=nosys.specs -Wl,-Map="4_Blink_LD5.map" -Wl,--gc-sections -static --specs=nano.specs -mfloat-abi=soft -mthumb -Wl,--start-group -lc -lm -Wl,--end-group
Finished building target: 4_Blink_LD5.elf
 
arm-none-eabi-size  4_Blink_LD5.elf 
arm-none-eabi-objdump -h -S 4_Blink_LD5.elf  > "4_Blink_LD5.list"
   text	   data	    bss	    dec	    hex	filename
   5072	     92	   1900	   7064	   1b98	4_Blink_LD5.elf
Finished building: default.size.stdout
 
Finished building: 4_Blink_LD5.list
 
14:16:57 **** Incremental Build of configuration Debug for project 4_Blink_LD5 ****
make -j12 all 
arm-none-eabi-size  4_Blink_LD5.elf 
   text	   data	    bss	    dec	    hex	filename
   5072	     92	   1900	   7064	   1b98	4_Blink_LD5.elf
Finished building: default.size.stdout
 
